// Vitest Snapshot v1, https://vitest.dev/guide/snapshot.html

exports[`view ingredient > should match its snapshot 1`] = `
{
  "asFragment": [Function],
  "baseElement": <body>
    <div>
      <div
        class="MuiPaper-root MuiPaper-elevation MuiPaper-rounded MuiPaper-elevation1 MuiTableContainer-root css-11xur9t-MuiPaper-root-MuiTableContainer-root"
      >
        <table
          aria-label="simple table"
          class="MuiTable-root css-rqglhn-MuiTable-root"
        >
          <thead
            class="MuiTableHead-root css-15wwp11-MuiTableHead-root"
          >
            <tr
              class="MuiTableRow-root MuiTableRow-head css-1q1u3t4-MuiTableRow-root"
            >
              <th
                class="MuiTableCell-root MuiTableCell-head MuiTableCell-alignLeft MuiTableCell-sizeMedium css-1ygcj2i-MuiTableCell-root"
                scope="col"
              >
                Name
              </th>
              <th
                class="MuiTableCell-root MuiTableCell-head MuiTableCell-alignRight MuiTableCell-sizeMedium css-1azl6jz-MuiTableCell-root"
                scope="col"
              >
                Mixture
              </th>
              <th
                class="MuiTableCell-root MuiTableCell-head MuiTableCell-alignCenter MuiTableCell-sizeMedium css-1ndpvdd-MuiTableCell-root"
                scope="col"
              >
                Actions
              </th>
            </tr>
          </thead>
          <tbody
            class="MuiTableBody-root css-apqrd9-MuiTableBody-root"
          >
            <tr
              class="MuiTableRow-root css-34nofg-MuiTableRow-root"
            >
              <th
                class="MuiTableCell-root MuiTableCell-body MuiTableCell-sizeMedium css-1ex1afd-MuiTableCell-root"
                scope="row"
              >
                Test Drink
              </th>
              <td
                class="MuiTableCell-root MuiTableCell-body MuiTableCell-alignRight MuiTableCell-sizeMedium css-177gid-MuiTableCell-root"
              >
                ingredient1 name, ingredient2 name
              </td>
              <td
                class="MuiTableCell-root MuiTableCell-body MuiTableCell-alignCenter MuiTableCell-sizeMedium css-1yhpg23-MuiTableCell-root"
              >
                <button
                  class="MuiButtonBase-root MuiIconButton-root MuiIconButton-sizeMedium css-78trlr-MuiButtonBase-root-MuiIconButton-root"
                  tabindex="0"
                  type="button"
                >
                  <svg
                    aria-hidden="true"
                    class="MuiSvgIcon-root MuiSvgIcon-fontSizeMedium css-i4bv87-MuiSvgIcon-root"
                    data-testid="DeleteIcon"
                    focusable="false"
                    viewBox="0 0 24 24"
                  >
                    <path
                      d="M6 19c0 1.1.9 2 2 2h8c1.1 0 2-.9 2-2V7H6v12zM19 4h-3.5l-1-1h-5l-1 1H5v2h14V4z"
                    />
                  </svg>
                  <span
                    class="MuiTouchRipple-root css-8je8zh-MuiTouchRipple-root"
                  />
                </button>
              </td>
            </tr>
          </tbody>
        </table>
      </div>
    </div>
  </body>,
  "container": <div>
    <div
      class="MuiPaper-root MuiPaper-elevation MuiPaper-rounded MuiPaper-elevation1 MuiTableContainer-root css-11xur9t-MuiPaper-root-MuiTableContainer-root"
    >
      <table
        aria-label="simple table"
        class="MuiTable-root css-rqglhn-MuiTable-root"
      >
        <thead
          class="MuiTableHead-root css-15wwp11-MuiTableHead-root"
        >
          <tr
            class="MuiTableRow-root MuiTableRow-head css-1q1u3t4-MuiTableRow-root"
          >
            <th
              class="MuiTableCell-root MuiTableCell-head MuiTableCell-alignLeft MuiTableCell-sizeMedium css-1ygcj2i-MuiTableCell-root"
              scope="col"
            >
              Name
            </th>
            <th
              class="MuiTableCell-root MuiTableCell-head MuiTableCell-alignRight MuiTableCell-sizeMedium css-1azl6jz-MuiTableCell-root"
              scope="col"
            >
              Mixture
            </th>
            <th
              class="MuiTableCell-root MuiTableCell-head MuiTableCell-alignCenter MuiTableCell-sizeMedium css-1ndpvdd-MuiTableCell-root"
              scope="col"
            >
              Actions
            </th>
          </tr>
        </thead>
        <tbody
          class="MuiTableBody-root css-apqrd9-MuiTableBody-root"
        >
          <tr
            class="MuiTableRow-root css-34nofg-MuiTableRow-root"
          >
            <th
              class="MuiTableCell-root MuiTableCell-body MuiTableCell-sizeMedium css-1ex1afd-MuiTableCell-root"
              scope="row"
            >
              Test Drink
            </th>
            <td
              class="MuiTableCell-root MuiTableCell-body MuiTableCell-alignRight MuiTableCell-sizeMedium css-177gid-MuiTableCell-root"
            >
              ingredient1 name, ingredient2 name
            </td>
            <td
              class="MuiTableCell-root MuiTableCell-body MuiTableCell-alignCenter MuiTableCell-sizeMedium css-1yhpg23-MuiTableCell-root"
            >
              <button
                class="MuiButtonBase-root MuiIconButton-root MuiIconButton-sizeMedium css-78trlr-MuiButtonBase-root-MuiIconButton-root"
                tabindex="0"
                type="button"
              >
                <svg
                  aria-hidden="true"
                  class="MuiSvgIcon-root MuiSvgIcon-fontSizeMedium css-i4bv87-MuiSvgIcon-root"
                  data-testid="DeleteIcon"
                  focusable="false"
                  viewBox="0 0 24 24"
                >
                  <path
                    d="M6 19c0 1.1.9 2 2 2h8c1.1 0 2-.9 2-2V7H6v12zM19 4h-3.5l-1-1h-5l-1 1H5v2h14V4z"
                  />
                </svg>
                <span
                  class="MuiTouchRipple-root css-8je8zh-MuiTouchRipple-root"
                />
              </button>
            </td>
          </tr>
        </tbody>
      </table>
    </div>
  </div>,
  "debug": [Function],
  "findAllByAltText": [Function],
  "findAllByDisplayValue": [Function],
  "findAllByLabelText": [Function],
  "findAllByPlaceholderText": [Function],
  "findAllByRole": [Function],
  "findAllByTestId": [Function],
  "findAllByText": [Function],
  "findAllByTitle": [Function],
  "findByAltText": [Function],
  "findByDisplayValue": [Function],
  "findByLabelText": [Function],
  "findByPlaceholderText": [Function],
  "findByRole": [Function],
  "findByTestId": [Function],
  "findByText": [Function],
  "findByTitle": [Function],
  "getAllByAltText": [Function],
  "getAllByDisplayValue": [Function],
  "getAllByLabelText": [Function],
  "getAllByPlaceholderText": [Function],
  "getAllByRole": [Function],
  "getAllByTestId": [Function],
  "getAllByText": [Function],
  "getAllByTitle": [Function],
  "getByAltText": [Function],
  "getByDisplayValue": [Function],
  "getByLabelText": [Function],
  "getByPlaceholderText": [Function],
  "getByRole": [Function],
  "getByTestId": [Function],
  "getByText": [Function],
  "getByTitle": [Function],
  "queryAllByAltText": [Function],
  "queryAllByDisplayValue": [Function],
  "queryAllByLabelText": [Function],
  "queryAllByPlaceholderText": [Function],
  "queryAllByRole": [Function],
  "queryAllByTestId": [Function],
  "queryAllByText": [Function],
  "queryAllByTitle": [Function],
  "queryByAltText": [Function],
  "queryByDisplayValue": [Function],
  "queryByLabelText": [Function],
  "queryByPlaceholderText": [Function],
  "queryByRole": [Function],
  "queryByTestId": [Function],
  "queryByText": [Function],
  "queryByTitle": [Function],
  "rerender": [Function],
  "unmount": [Function],
}
`;
